node.exe : FAIL utils/__tests
__/responseUtils.test.js
At C:\Program 
Files\nodejs\npx.ps1:29 
char:3
+   & $NODE_EXE $NPX_CLI_JS 
$args
+   
~~~~~~~~~~~~~~~~~~~~~~~~~~~~~
    + CategoryInfo           
   : NotSpecified: (FAIL ut  
  ils/__te...seUtils.test.   
 js:String) [], RemoteExc    
eption
    + FullyQualifiedErrorId  
   : NativeCommandError
 
  ΓùÅ Test suite failed to 
run

    ES Modules are only 
supported if your test 
environment has the 
`getVmContext` function

      at invariant (node_modu
les/jest-runtime/build/index.
js:1855:11)

FAIL utils/__tests__/Response
Handler.test.js
  ΓùÅ Test suite failed to 
run

    ES Modules are only 
supported if your test 
environment has the 
`getVmContext` function

      at invariant (node_modu
les/jest-runtime/build/index.
js:1855:11)

Test Suites: 2 failed, 2 
total
Tests:       0 total
Snapshots:   0 total
Time:        3.242s
Ran all test suites.
